
> wacrm@0.2.1 build
> node -e "const { execSync } = require('child_process'); if (process.env.VERCEL === '1') { execSync('next build', { stdio: 'inherit' }); } else { execSync('opennextjs-cloudflare build', { stdio: 'inherit' }); }"


ΓöîΓöÇΓöÇΓöÇΓöÇΓöÇΓöÇΓöÇΓöÇΓöÇΓöÇΓöÇΓöÇΓöÇΓöÇΓöÇΓöÇΓöÇΓöÇΓöÇΓöÇΓöÇΓöÇΓöÇΓöÇΓöÇΓöÇΓöÇΓöÇΓöÇΓöÉ
Γöé OpenNext ΓÇö Cloudflare build Γöé
ΓööΓöÇΓöÇΓöÇΓöÇΓöÇΓöÇΓöÇΓöÇΓöÇΓöÇΓöÇΓöÇΓöÇΓöÇΓöÇΓöÇΓöÇΓöÇΓöÇΓöÇΓöÇΓöÇΓöÇΓöÇΓöÇΓöÇΓöÇΓöÇΓöÇΓöÿ

node.exe : WARN OpenNext is not fully compatible with Windows.
At line:1 char:1
+ & "C:\Program Files\nodejs/node.exe" "C:\Program Files\nodejs/node_mo ...
+ ~~~~~~~~~~~~~~~~~~~~~~~~~~~~~~~~~~~~~~~~~~~~~~~~~~~~~~~~~~~~~~~~~~~~~
    + CategoryInfo          : NotSpecified: (WARN OpenNext i...e with Windows.:String) [], RemoteException
    + FullyQualifiedErrorId : NativeCommandError
 
WARN For optimal performance, it is recommended to use Windows Subsystem for Linux (WSL).
WARN While OpenNext may function on Windows, it could encounter unpredictable failures during runtime.
App directory: C:\Users\DELL\Downloads\sendgb-Fws4BeDcEzn\code\whataappforl
Next.js version : 16.2.6
@opennextjs/cloudflare version: 1.20.1
@opennextjs/aws version: 4.0.2
WARN workerd compatibility_date: 2024-09-23, consider updating your wrangler config to a more recent date to benefit 
from the latest features and fixes.

ΓöîΓöÇΓöÇΓöÇΓöÇΓöÇΓöÇΓöÇΓöÇΓöÇΓöÇΓöÇΓöÇΓöÇΓöÇΓöÇΓöÇΓöÇΓöÇΓöÇΓöÇΓöÇΓöÇΓöÇΓöÇΓöÇΓöÇΓöÇΓöÇΓöÇΓöÇΓöÇΓöÇΓöÇΓöÉ
Γöé OpenNext ΓÇö Building Next.js app Γöé
ΓööΓöÇΓöÇΓöÇΓöÇΓöÇΓöÇΓöÇΓöÇΓöÇΓöÇΓöÇΓöÇΓöÇΓöÇΓöÇΓöÇΓöÇΓöÇΓöÇΓöÇΓöÇΓöÇΓöÇΓöÇΓöÇΓöÇΓöÇΓöÇΓöÇΓöÇΓöÇΓöÇΓöÇΓöÿ

Γû▓ Next.js 16.2.6 (Turbopack)
- Environments: .env.local

ΓÜá The "middleware" file convention is deprecated. Please use "proxy" instead. Learn more: 
https://nextjs.org/docs/messages/middleware-to-proxy
  Creating an optimized production build ...

> Build error occurred
Error: ENOENT: no such file or directory, open 
'C:\Users\DELL\Downloads\sendgb-Fws4BeDcEzn\code\whataappforl\.next\turbopack'
    at ignore-listed frames
node:internal/errors:985
  const err = new Error(message);
              ^

Error: Command failed: npx next build
    at genericNodeError (node:internal/errors:985:15)
    at wrappedFn (node:internal/errors:539:14)
    at checkExecSyncError (node:child_process:925:11)
    at Object.execSync (node:child_process:997:15)
    at buildNextjsApp (file:///C:/Users/DELL/Downloads/sendgb-Fws4BeDcEzn/code/whataappforl/node_modules/@opennextjs/aw
s/dist/build/buildNextApp.js:15:8)
    at build (file:///C:/Users/DELL/Downloads/sendgb-Fws4BeDcEzn/code/whataappforl/node_modules/@opennextjs/cloudflare/
dist/cli/build/build.js:63:9)
    at async buildCommand (file:///C:/Users/DELL/Downloads/sendgb-Fws4BeDcEzn/code/whataappforl/node_modules/@opennextj
s/cloudflare/dist/cli/commands/build.js:40:5) {
  status: 1,
  signal: null,
  output: [ null, null, null ],
  pid: 15100,
  stdout: null,
  stderr: null
}

Node.js v24.15.0
node:child_process:1000
    throw err;
    ^

Error: Command failed: opennextjs-cloudflare build
    at genericNodeError (node:internal/errors:985:15)
    at wrappedFn (node:internal/errors:539:14)
    at checkExecSyncError (node:child_process:925:11)
    at execSync (node:child_process:997:15)
    at [eval]:1:137
    at runScriptInThisContext (node:internal/vm:219:10)
    at node:internal/process/execution:451:12
    at [eval]-wrapper:6:24
    at runScriptInContext (node:internal/process/execution:449:60)
    at evalFunction (node:internal/process/execution:283:30) {
  status: 1,
  signal: null,
  output: [ null, null, null ],
  pid: 12400,
  stdout: null,
  stderr: null
}

Node.js v24.15.0
